node.exe : C:\Users\ACER\Desktop\BVM 
Gym\node_modules\typescript\lib\_tsc.js:123168
At line:1 char:1
+ & "C:\Program Files\nodejs/node.exe" "C:\Program Files\nodejs/node_mo 
...
+ ~~~~~~~~~~~~~~~~~~~~~~~~~~~~~~~~~~~~~~~~~~~~~~~~~~~~~~~~~~~~~~~~~~~~~
    + CategoryInfo          : NotSpecified: 
(C:\Users\ACER\D...\_tsc.js:123    168:String) [], RemoteException
    + FullyQualifiedErrorId : NativeCommandError
 
      throw e;
      ^

RangeError: Maximum call stack size exceeded
    at getModifierFlagsWorker (C:\Users\ACER\Desktop\BVM 
Gym\node_modules\typescript\lib\_tsc.js:16903:32)
    at getSyntacticModifierFlags (C:\Users\ACER\Desktop\BVM 
Gym\node_modules\typescript\lib\_tsc.js:16926:10)
    at getSelectedSyntacticModifierFlags (C:\Users\ACER\Desktop\BVM 
Gym\node_modules\typescript\lib\_tsc.js:16901:10)
    at hasSyntacticModifier (C:\Users\ACER\Desktop\BVM 
Gym\node_modules\typescript\lib\_tsc.js:16871:12)
    at getIsDeferredContext (C:\Users\ACER\Desktop\BVM 
Gym\node_modules\typescript\lib\_tsc.js:19800:35)
    at resolveNameHelper (C:\Users\ACER\Desktop\BVM 
Gym\node_modules\typescript\lib\_tsc.js:19523:58)
    at getResolvedSymbol (C:\Users\ACER\Desktop\BVM 
Gym\node_modules\typescript\lib\_tsc.js:69265:54)
    at checkIdentifier (C:\Users\ACER\Desktop\BVM 
Gym\node_modules\typescript\lib\_tsc.js:72001:20)
    at checkExpressionWorker (C:\Users\ACER\Desktop\BVM 
Gym\node_modules\typescript\lib\_tsc.js:80903:16)
    at checkExpression (C:\Users\ACER\Desktop\BVM 
Gym\node_modules\typescript\lib\_tsc.js:80846:32)

Node.js v25.7.0
